config:
  base_url: 'http://codeigniter.com/'
  index_page: 'index.php'
  uri_protocol: 'AUTO'
  url_suffix: ''
  language: 'english'
  charset: 'UTF-8'
  enable_hooks: false
  subclass_prefix: 'MY_'
  permitted_uri_chars: 'a-z 0-9~%.:_\-'
  allow_get_array: true
  enable_query_strings: false
  controller_trigger: 'c'
  function_trigger: 'm'
  directory_trigger: 'd'
  log_threshold: 2
  log_path: ''
  log_date_format: 'Y-m-d H:i:s'
  cache_path: ''
  encryption_key: ''
  sess_cookie_name: 'ci_session'
  sess_expiration: 7200
  sess_expire_on_close: false
  sess_encrypt_cookie: false
  sess_use_database: false
  sess_table_name: 'ci_sessions'
  sess_match_ip: false
  sess_match_useragent: true
  sess_time_to_update: 300
  cookie_prefix: ''
  cookie_domain: ''
  cookie_path: '/'
  cookie_secure: false
  global_xss_filtering: true
  csrf_protection: false
  csrf_token_name: 'csrf_test_name'
  csrf_cookie_name: 'csrf_cookie_name'
  csrf_expire: 7200
  compress_output: false
  time_reference: 'local'
  rewrite_short_tags: false
  proxy_ips: ''
  custom_config_option: 12
